PREHOOK: query: drop table if exists tx1
PREHOOK: type: DROPTABLE
POSTHOOK: query: drop table if exists tx1
POSTHOOK: type: DROPTABLE
PREHOOK: query: drop table if exists tx2
PREHOOK: type: DROPTABLE
POSTHOOK: query: drop table if exists tx2
POSTHOOK: type: DROPTABLE
PREHOOK: query: create table tx1 (a integer,b integer,c integer)
PREHOOK: type: CREATETABLE
PREHOOK: Output: database:default
PREHOOK: Output: default@tx1
POSTHOOK: query: create table tx1 (a integer,b integer,c integer)
POSTHOOK: type: CREATETABLE
POSTHOOK: Output: database:default
POSTHOOK: Output: default@tx1
PREHOOK: query: select sum(c)
from tx1
PREHOOK: type: QUERY
PREHOOK: Input: default@tx1
#### A masked pattern was here ####
POSTHOOK: query: select sum(c)
from tx1
POSTHOOK: type: QUERY
POSTHOOK: Input: default@tx1
#### A masked pattern was here ####
NULL
PREHOOK: query: select  sum(c),
        grouping(b),
	'NULL,1' as expected
from    tx1
where	a<0
group by a,b grouping sets ((), b, a)
PREHOOK: type: QUERY
PREHOOK: Input: default@tx1
#### A masked pattern was here ####
POSTHOOK: query: select  sum(c),
        grouping(b),
	'NULL,1' as expected
from    tx1
where	a<0
group by a,b grouping sets ((), b, a)
POSTHOOK: type: QUERY
POSTHOOK: Input: default@tx1
#### A masked pattern was here ####
NULL	1	NULL,1
PREHOOK: query: select  sum(c),
        grouping(b),
	'NULL,1' as expected
from    tx1
where	a<0
group by rollup (b)
PREHOOK: type: QUERY
PREHOOK: Input: default@tx1
#### A masked pattern was here ####
POSTHOOK: query: select  sum(c),
        grouping(b),
	'NULL,1' as expected
from    tx1
where	a<0
group by rollup (b)
POSTHOOK: type: QUERY
POSTHOOK: Input: default@tx1
#### A masked pattern was here ####
NULL	1	NULL,1
PREHOOK: query: select '2 rows expected',sum(c) from tx1 group by rollup (a)
union all
select '2 rows expected',sum(c) from tx1 group by rollup (a)
PREHOOK: type: QUERY
PREHOOK: Input: default@tx1
#### A masked pattern was here ####
POSTHOOK: query: select '2 rows expected',sum(c) from tx1 group by rollup (a)
union all
select '2 rows expected',sum(c) from tx1 group by rollup (a)
POSTHOOK: type: QUERY
POSTHOOK: Input: default@tx1
#### A masked pattern was here ####
2 rows expected	NULL
2 rows expected	NULL
PREHOOK: query: insert into tx1 values (1,1,1)
PREHOOK: type: QUERY
PREHOOK: Input: default@values__tmp__table__1
PREHOOK: Output: default@tx1
POSTHOOK: query: insert into tx1 values (1,1,1)
POSTHOOK: type: QUERY
POSTHOOK: Input: default@values__tmp__table__1
POSTHOOK: Output: default@tx1
POSTHOOK: Lineage: tx1.a EXPRESSION [(values__tmp__table__1)values__tmp__table__1.FieldSchema(name:tmp_values_col1, type:string, comment:), ]
POSTHOOK: Lineage: tx1.b EXPRESSION [(values__tmp__table__1)values__tmp__table__1.FieldSchema(name:tmp_values_col2, type:string, comment:), ]
POSTHOOK: Lineage: tx1.c EXPRESSION [(values__tmp__table__1)values__tmp__table__1.FieldSchema(name:tmp_values_col3, type:string, comment:), ]
PREHOOK: query: select  sum(c),
        grouping(b),
	'NULL,1' as expected
from    tx1
where	a<0
group by rollup (b)
PREHOOK: type: QUERY
PREHOOK: Input: default@tx1
#### A masked pattern was here ####
POSTHOOK: query: select  sum(c),
        grouping(b),
	'NULL,1' as expected
from    tx1
where	a<0
group by rollup (b)
POSTHOOK: type: QUERY
POSTHOOK: Input: default@tx1
#### A masked pattern was here ####
NULL	1	NULL,1
PREHOOK: query: select  sum(c),
        grouping(b),
	'1,1 and 1,0' as expected
from    tx1
group by rollup (b)
PREHOOK: type: QUERY
PREHOOK: Input: default@tx1
#### A masked pattern was here ####
POSTHOOK: query: select  sum(c),
        grouping(b),
	'1,1 and 1,0' as expected
from    tx1
group by rollup (b)
POSTHOOK: type: QUERY
POSTHOOK: Input: default@tx1
#### A masked pattern was here ####
1	1	1,1 and 1,0
1	0	1,1 and 1,0
PREHOOK: query: create table tx2 (a integer,b integer,c integer,d double,u string) stored as orc
PREHOOK: type: CREATETABLE
PREHOOK: Output: database:default
PREHOOK: Output: default@tx2
POSTHOOK: query: create table tx2 (a integer,b integer,c integer,d double,u string) stored as orc
POSTHOOK: type: CREATETABLE
POSTHOOK: Output: database:default
POSTHOOK: Output: default@tx2
PREHOOK: query: explain
select  sum(c),
        grouping(b),
	'NULL,1' as expected
from    tx2
where	a<0
group by a,b grouping sets ((), b, a)
PREHOOK: type: QUERY
POSTHOOK: query: explain
select  sum(c),
        grouping(b),
	'NULL,1' as expected
from    tx2
where	a<0
group by a,b grouping sets ((), b, a)
POSTHOOK: type: QUERY
Plan optimized by CBO.

Vertex dependency in root stage
Reducer 2 <- Map 1 (SIMPLE_EDGE)

Stage-0
  Fetch Operator
    limit:-1
    Stage-1
      Reducer 2 vectorized
      File Output Operator [FS_12]
        Select Operator [SEL_11] (rows=1 width=0)
          Output:["_col0","_col1","_col2"]
          Group By Operator [GBY_10] (rows=1 width=0)
            Output:["_col0","_col1","_col2","_col3"],aggregations:["sum(VALUE._col0)"],keys:KEY._col0, KEY._col1, KEY._col2
          <-Map 1 [SIMPLE_EDGE]
            SHUFFLE [RS_5]
              PartitionCols:_col0, _col1, _col2
              Group By Operator [GBY_4] (rows=3 width=0)
                Output:["_col0","_col1","_col2","_col3"],aggregations:["sum(_col2)"],keys:_col0, _col1, 0
                Select Operator [SEL_2] (rows=1 width=0)
                  Output:["_col0","_col1","_col2"]
                  Filter Operator [FIL_9] (rows=1 width=0)
                    predicate:(a < 0)
                    TableScan [TS_0] (rows=1 width=0)
                      default@tx2,tx2,Tbl:PARTIAL,Col:NONE,Output:["a","b","c"]

PREHOOK: query: select sum(c),'NULL' as expected
from tx2
PREHOOK: type: QUERY
PREHOOK: Input: default@tx2
#### A masked pattern was here ####
POSTHOOK: query: select sum(c),'NULL' as expected
from tx2
POSTHOOK: type: QUERY
POSTHOOK: Input: default@tx2
#### A masked pattern was here ####
NULL	NULL
PREHOOK: query: select  sum(c),
	max(u),
	'asd',
        grouping(b),
	'NULL,1' as expected
from    tx2
where	a<0
group by a,b,d grouping sets ((), b, a, d)
PREHOOK: type: QUERY
PREHOOK: Input: default@tx2
#### A masked pattern was here ####
POSTHOOK: query: select  sum(c),
	max(u),
	'asd',
        grouping(b),
	'NULL,1' as expected
from    tx2
where	a<0
group by a,b,d grouping sets ((), b, a, d)
POSTHOOK: type: QUERY
POSTHOOK: Input: default@tx2
#### A masked pattern was here ####
NULL	NULL	asd	1	NULL,1
PREHOOK: query: select '2 rows expected',sum(c) from tx2 group by rollup (a)
union all
select '2 rows expected',sum(c) from tx2 group by rollup (a)
PREHOOK: type: QUERY
PREHOOK: Input: default@tx2
#### A masked pattern was here ####
POSTHOOK: query: select '2 rows expected',sum(c) from tx2 group by rollup (a)
union all
select '2 rows expected',sum(c) from tx2 group by rollup (a)
POSTHOOK: type: QUERY
POSTHOOK: Input: default@tx2
#### A masked pattern was here ####
2 rows expected	NULL
2 rows expected	NULL
