PREHOOK: query: create table acs_t11(a int,b int,d date)
PREHOOK: type: CREATETABLE
PREHOOK: Output: database:default
PREHOOK: Output: default@acs_t11
POSTHOOK: query: create table acs_t11(a int,b int,d date)
POSTHOOK: type: CREATETABLE
POSTHOOK: Output: database:default
POSTHOOK: Output: default@acs_t11
PREHOOK: query: explain insert into acs_t11 values(1,1,'2011-11-11')
PREHOOK: type: QUERY
POSTHOOK: query: explain insert into acs_t11 values(1,1,'2011-11-11')
POSTHOOK: type: QUERY
STAGE DEPENDENCIES:
  Stage-1 is a root stage
  Stage-7 depends on stages: Stage-1 , consists of Stage-4, Stage-3, Stage-5
  Stage-4
  Stage-0 depends on stages: Stage-4, Stage-3, Stage-6
  Stage-2 depends on stages: Stage-0
  Stage-8 depends on stages: Stage-2
  Stage-3
  Stage-5
  Stage-6 depends on stages: Stage-5

STAGE PLANS:
  Stage: Stage-1
    Map Reduce
      Map Operator Tree:
          TableScan
            alias: values__tmp__table__1
            Statistics: Num rows: 1 Data size: 15 Basic stats: COMPLETE Column stats: NONE
            Select Operator
              expressions: UDFToInteger(tmp_values_col1) (type: int), UDFToInteger(tmp_values_col2) (type: int), CAST( tmp_values_col3 AS DATE) (type: date)
              outputColumnNames: _col0, _col1, _col2
              Statistics: Num rows: 1 Data size: 15 Basic stats: COMPLETE Column stats: NONE
              File Output Operator
                compressed: false
                Statistics: Num rows: 1 Data size: 15 Basic stats: COMPLETE Column stats: NONE
                table:
                    input format: org.apache.hadoop.mapred.TextInputFormat
                    output format: org.apache.hadoop.hive.ql.io.HiveIgnoreKeyTextOutputFormat
                    serde: org.apache.hadoop.hive.serde2.lazy.LazySimpleSerDe
                    name: default.acs_t11
              Select Operator
                expressions: _col0 (type: int), _col1 (type: int), _col2 (type: date)
                outputColumnNames: a, b, d
                Statistics: Num rows: 1 Data size: 15 Basic stats: COMPLETE Column stats: NONE
                Group By Operator
                  aggregations: compute_stats(a, 'hll'), compute_stats(b, 'hll'), compute_stats(d, 'hll')
                  mode: hash
                  outputColumnNames: _col0, _col1, _col2
                  Statistics: Num rows: 1 Data size: 1368 Basic stats: COMPLETE Column stats: NONE
                  Reduce Output Operator
                    sort order: 
                    Statistics: Num rows: 1 Data size: 1368 Basic stats: COMPLETE Column stats: NONE
                    value expressions: _col0 (type: struct<columntype:string,min:bigint,max:bigint,countnulls:bigint,bitvector:binary>), _col1 (type: struct<columntype:string,min:bigint,max:bigint,countnulls:bigint,bitvector:binary>), _col2 (type: struct<columntype:string,min:date,max:date,countnulls:bigint,bitvector:binary>)
      Reduce Operator Tree:
        Group By Operator
          aggregations: compute_stats(VALUE._col0), compute_stats(VALUE._col1), compute_stats(VALUE._col2)
          mode: mergepartial
          outputColumnNames: _col0, _col1, _col2
          Statistics: Num rows: 1 Data size: 1416 Basic stats: COMPLETE Column stats: NONE
          File Output Operator
            compressed: false
            Statistics: Num rows: 1 Data size: 1416 Basic stats: COMPLETE Column stats: NONE
            table:
                input format: org.apache.hadoop.mapred.SequenceFileInputFormat
                output format: org.apache.hadoop.hive.ql.io.HiveSequenceFileOutputFormat
                serde: org.apache.hadoop.hive.serde2.lazy.LazySimpleSerDe

  Stage: Stage-7
    Conditional Operator

  Stage: Stage-4
    Move Operator
      files:
          hdfs directory: true
#### A masked pattern was here ####

  Stage: Stage-0
    Move Operator
      tables:
          replace: false
          table:
              input format: org.apache.hadoop.mapred.TextInputFormat
              output format: org.apache.hadoop.hive.ql.io.HiveIgnoreKeyTextOutputFormat
              serde: org.apache.hadoop.hive.serde2.lazy.LazySimpleSerDe
              name: default.acs_t11

  Stage: Stage-2
    Stats-Aggr Operator

  Stage: Stage-8
    Column Stats Work
      Column Stats Desc:
          Columns: a, b, d
          Column Types: int, int, date
          Table: default.acs_t11

  Stage: Stage-3
    Map Reduce
      Map Operator Tree:
          TableScan
            File Output Operator
              compressed: false
              table:
                  input format: org.apache.hadoop.mapred.TextInputFormat
                  output format: org.apache.hadoop.hive.ql.io.HiveIgnoreKeyTextOutputFormat
                  serde: org.apache.hadoop.hive.serde2.lazy.LazySimpleSerDe
                  name: default.acs_t11

  Stage: Stage-5
    Map Reduce
      Map Operator Tree:
          TableScan
            File Output Operator
              compressed: false
              table:
                  input format: org.apache.hadoop.mapred.TextInputFormat
                  output format: org.apache.hadoop.hive.ql.io.HiveIgnoreKeyTextOutputFormat
                  serde: org.apache.hadoop.hive.serde2.lazy.LazySimpleSerDe
                  name: default.acs_t11

  Stage: Stage-6
    Move Operator
      files:
          hdfs directory: true
#### A masked pattern was here ####

PREHOOK: query: insert into acs_t11 values(1,1,'2011-11-11')
PREHOOK: type: QUERY
PREHOOK: Input: default@values__tmp__table__2
PREHOOK: Output: default@acs_t11
POSTHOOK: query: insert into acs_t11 values(1,1,'2011-11-11')
POSTHOOK: type: QUERY
POSTHOOK: Input: default@values__tmp__table__2
POSTHOOK: Output: default@acs_t11
POSTHOOK: Lineage: acs_t11.a EXPRESSION [(values__tmp__table__2)values__tmp__table__2.FieldSchema(name:tmp_values_col1, type:string, comment:), ]
POSTHOOK: Lineage: acs_t11.b EXPRESSION [(values__tmp__table__2)values__tmp__table__2.FieldSchema(name:tmp_values_col2, type:string, comment:), ]
POSTHOOK: Lineage: acs_t11.d EXPRESSION [(values__tmp__table__2)values__tmp__table__2.FieldSchema(name:tmp_values_col3, type:string, comment:), ]
PREHOOK: query: describe formatted acs_t11 d
PREHOOK: type: DESCTABLE
PREHOOK: Input: default@acs_t11
POSTHOOK: query: describe formatted acs_t11 d
POSTHOOK: type: DESCTABLE
POSTHOOK: Input: default@acs_t11
# col_name            	data_type           	min                 	max                 	num_nulls           	distinct_count      	avg_col_len         	max_col_len         	num_trues           	num_falses          	bitVector           	comment             
	 	 	 	 	 	 	 	 	 	 	 
d                   	date                	2011-11-11          	2011-11-11          	0                   	1                   	                    	                    	                    	                    	HL                  	from deserializer   
COLUMN_STATS_ACCURATE	{\"BASIC_STATS\":\"true\",\"COLUMN_STATS\":{\"a\":\"true\",\"b\":\"true\",\"d\":\"true\"}}	 	 	 	 	 	 	 	 	 	 
PREHOOK: query: insert into acs_t11 values(1,1,NULL)
PREHOOK: type: QUERY
PREHOOK: Input: default@values__tmp__table__3
PREHOOK: Output: default@acs_t11
POSTHOOK: query: insert into acs_t11 values(1,1,NULL)
POSTHOOK: type: QUERY
POSTHOOK: Input: default@values__tmp__table__3
POSTHOOK: Output: default@acs_t11
POSTHOOK: Lineage: acs_t11.a EXPRESSION [(values__tmp__table__3)values__tmp__table__3.FieldSchema(name:tmp_values_col1, type:string, comment:), ]
POSTHOOK: Lineage: acs_t11.b EXPRESSION [(values__tmp__table__3)values__tmp__table__3.FieldSchema(name:tmp_values_col2, type:string, comment:), ]
POSTHOOK: Lineage: acs_t11.d EXPRESSION [(values__tmp__table__3)values__tmp__table__3.FieldSchema(name:tmp_values_col3, type:string, comment:), ]
PREHOOK: query: describe formatted acs_t11 d
PREHOOK: type: DESCTABLE
PREHOOK: Input: default@acs_t11
POSTHOOK: query: describe formatted acs_t11 d
POSTHOOK: type: DESCTABLE
POSTHOOK: Input: default@acs_t11
# col_name            	data_type           	min                 	max                 	num_nulls           	distinct_count      	avg_col_len         	max_col_len         	num_trues           	num_falses          	bitVector           	comment             
	 	 	 	 	 	 	 	 	 	 	 
d                   	date                	2011-11-11          	2011-11-11          	1                   	1                   	                    	                    	                    	                    	HL                  	from deserializer   
COLUMN_STATS_ACCURATE	{\"BASIC_STATS\":\"true\",\"COLUMN_STATS\":{\"a\":\"true\",\"b\":\"true\",\"d\":\"true\"}}	 	 	 	 	 	 	 	 	 	 
PREHOOK: query: insert into acs_t11 values(1,1,'2006-11-11')
PREHOOK: type: QUERY
PREHOOK: Input: default@values__tmp__table__4
PREHOOK: Output: default@acs_t11
POSTHOOK: query: insert into acs_t11 values(1,1,'2006-11-11')
POSTHOOK: type: QUERY
POSTHOOK: Input: default@values__tmp__table__4
POSTHOOK: Output: default@acs_t11
POSTHOOK: Lineage: acs_t11.a EXPRESSION [(values__tmp__table__4)values__tmp__table__4.FieldSchema(name:tmp_values_col1, type:string, comment:), ]
POSTHOOK: Lineage: acs_t11.b EXPRESSION [(values__tmp__table__4)values__tmp__table__4.FieldSchema(name:tmp_values_col2, type:string, comment:), ]
POSTHOOK: Lineage: acs_t11.d EXPRESSION [(values__tmp__table__4)values__tmp__table__4.FieldSchema(name:tmp_values_col3, type:string, comment:), ]
PREHOOK: query: describe formatted acs_t11 d
PREHOOK: type: DESCTABLE
PREHOOK: Input: default@acs_t11
POSTHOOK: query: describe formatted acs_t11 d
POSTHOOK: type: DESCTABLE
POSTHOOK: Input: default@acs_t11
# col_name            	data_type           	min                 	max                 	num_nulls           	distinct_count      	avg_col_len         	max_col_len         	num_trues           	num_falses          	bitVector           	comment             
	 	 	 	 	 	 	 	 	 	 	 
d                   	date                	2006-11-11          	2011-11-11          	1                   	2                   	                    	                    	                    	                    	HL                  	from deserializer   
COLUMN_STATS_ACCURATE	{\"BASIC_STATS\":\"true\",\"COLUMN_STATS\":{\"a\":\"true\",\"b\":\"true\",\"d\":\"true\"}}	 	 	 	 	 	 	 	 	 	 
PREHOOK: query: insert into acs_t11 values(1,1,'2001-11-11')
PREHOOK: type: QUERY
PREHOOK: Input: default@values__tmp__table__5
PREHOOK: Output: default@acs_t11
POSTHOOK: query: insert into acs_t11 values(1,1,'2001-11-11')
POSTHOOK: type: QUERY
POSTHOOK: Input: default@values__tmp__table__5
POSTHOOK: Output: default@acs_t11
POSTHOOK: Lineage: acs_t11.a EXPRESSION [(values__tmp__table__5)values__tmp__table__5.FieldSchema(name:tmp_values_col1, type:string, comment:), ]
POSTHOOK: Lineage: acs_t11.b EXPRESSION [(values__tmp__table__5)values__tmp__table__5.FieldSchema(name:tmp_values_col2, type:string, comment:), ]
POSTHOOK: Lineage: acs_t11.d EXPRESSION [(values__tmp__table__5)values__tmp__table__5.FieldSchema(name:tmp_values_col3, type:string, comment:), ]
PREHOOK: query: describe formatted acs_t11 d
PREHOOK: type: DESCTABLE
PREHOOK: Input: default@acs_t11
POSTHOOK: query: describe formatted acs_t11 d
POSTHOOK: type: DESCTABLE
POSTHOOK: Input: default@acs_t11
# col_name            	data_type           	min                 	max                 	num_nulls           	distinct_count      	avg_col_len         	max_col_len         	num_trues           	num_falses          	bitVector           	comment             
	 	 	 	 	 	 	 	 	 	 	 
d                   	date                	2001-11-11          	2011-11-11          	1                   	3                   	                    	                    	                    	                    	HL                  	from deserializer   
COLUMN_STATS_ACCURATE	{\"BASIC_STATS\":\"true\",\"COLUMN_STATS\":{\"a\":\"true\",\"b\":\"true\",\"d\":\"true\"}}	 	 	 	 	 	 	 	 	 	 
PREHOOK: query: insert into acs_t11 values(1,1,'2004-11-11')
PREHOOK: type: QUERY
PREHOOK: Input: default@values__tmp__table__6
PREHOOK: Output: default@acs_t11
POSTHOOK: query: insert into acs_t11 values(1,1,'2004-11-11')
POSTHOOK: type: QUERY
POSTHOOK: Input: default@values__tmp__table__6
POSTHOOK: Output: default@acs_t11
POSTHOOK: Lineage: acs_t11.a EXPRESSION [(values__tmp__table__6)values__tmp__table__6.FieldSchema(name:tmp_values_col1, type:string, comment:), ]
POSTHOOK: Lineage: acs_t11.b EXPRESSION [(values__tmp__table__6)values__tmp__table__6.FieldSchema(name:tmp_values_col2, type:string, comment:), ]
POSTHOOK: Lineage: acs_t11.d EXPRESSION [(values__tmp__table__6)values__tmp__table__6.FieldSchema(name:tmp_values_col3, type:string, comment:), ]
PREHOOK: query: describe formatted acs_t11 d
PREHOOK: type: DESCTABLE
PREHOOK: Input: default@acs_t11
POSTHOOK: query: describe formatted acs_t11 d
POSTHOOK: type: DESCTABLE
POSTHOOK: Input: default@acs_t11
# col_name            	data_type           	min                 	max                 	num_nulls           	distinct_count      	avg_col_len         	max_col_len         	num_trues           	num_falses          	bitVector           	comment             
	 	 	 	 	 	 	 	 	 	 	 
d                   	date                	2001-11-11          	2011-11-11          	1                   	4                   	                    	                    	                    	                    	HL                  	from deserializer   
COLUMN_STATS_ACCURATE	{\"BASIC_STATS\":\"true\",\"COLUMN_STATS\":{\"a\":\"true\",\"b\":\"true\",\"d\":\"true\"}}	 	 	 	 	 	 	 	 	 	 
PREHOOK: query: explain analyze table acs_t11 compute statistics for columns
PREHOOK: type: QUERY
POSTHOOK: query: explain analyze table acs_t11 compute statistics for columns
POSTHOOK: type: QUERY
STAGE DEPENDENCIES:
  Stage-0 is a root stage
  Stage-1 depends on stages: Stage-0

STAGE PLANS:
  Stage: Stage-0
    Map Reduce
      Map Operator Tree:
          TableScan
            alias: acs_t11
            Statistics: Num rows: 5 Data size: 62 Basic stats: COMPLETE Column stats: NONE
            Select Operator
              expressions: a (type: int), b (type: int), d (type: date)
              outputColumnNames: a, b, d
              Statistics: Num rows: 5 Data size: 62 Basic stats: COMPLETE Column stats: NONE
              Group By Operator
                aggregations: compute_stats(a, 'hll'), compute_stats(b, 'hll'), compute_stats(d, 'hll')
                mode: hash
                outputColumnNames: _col0, _col1, _col2
                Statistics: Num rows: 1 Data size: 1368 Basic stats: COMPLETE Column stats: NONE
                Reduce Output Operator
                  sort order: 
                  Statistics: Num rows: 1 Data size: 1368 Basic stats: COMPLETE Column stats: NONE
                  value expressions: _col0 (type: struct<columntype:string,min:bigint,max:bigint,countnulls:bigint,bitvector:binary>), _col1 (type: struct<columntype:string,min:bigint,max:bigint,countnulls:bigint,bitvector:binary>), _col2 (type: struct<columntype:string,min:date,max:date,countnulls:bigint,bitvector:binary>)
      Reduce Operator Tree:
        Group By Operator
          aggregations: compute_stats(VALUE._col0), compute_stats(VALUE._col1), compute_stats(VALUE._col2)
          mode: mergepartial
          outputColumnNames: _col0, _col1, _col2
          Statistics: Num rows: 1 Data size: 1416 Basic stats: COMPLETE Column stats: NONE
          File Output Operator
            compressed: false
            Statistics: Num rows: 1 Data size: 1416 Basic stats: COMPLETE Column stats: NONE
            table:
                input format: org.apache.hadoop.mapred.SequenceFileInputFormat
                output format: org.apache.hadoop.hive.ql.io.HiveSequenceFileOutputFormat
                serde: org.apache.hadoop.hive.serde2.lazy.LazySimpleSerDe

  Stage: Stage-1
    Column Stats Work
      Column Stats Desc:
          Columns: a, b, d
          Column Types: int, int, date
          Table: default.acs_t11

PREHOOK: query: analyze table acs_t11 compute statistics for columns
PREHOOK: type: QUERY
PREHOOK: Input: default@acs_t11
#### A masked pattern was here ####
POSTHOOK: query: analyze table acs_t11 compute statistics for columns
POSTHOOK: type: QUERY
POSTHOOK: Input: default@acs_t11
#### A masked pattern was here ####
PREHOOK: query: describe formatted acs_t11 d
PREHOOK: type: DESCTABLE
PREHOOK: Input: default@acs_t11
POSTHOOK: query: describe formatted acs_t11 d
POSTHOOK: type: DESCTABLE
POSTHOOK: Input: default@acs_t11
# col_name            	data_type           	min                 	max                 	num_nulls           	distinct_count      	avg_col_len         	max_col_len         	num_trues           	num_falses          	bitVector           	comment             
	 	 	 	 	 	 	 	 	 	 	 
d                   	date                	2001-11-11          	2011-11-11          	1                   	4                   	                    	                    	                    	                    	HL                  	from deserializer   
COLUMN_STATS_ACCURATE	{\"BASIC_STATS\":\"true\",\"COLUMN_STATS\":{\"a\":\"true\",\"b\":\"true\",\"d\":\"true\"}}	 	 	 	 	 	 	 	 	 	 
