#### A masked pattern was here ####
PREHOOK: type: CREATETABLE_AS_SELECT
PREHOOK: Input: _dummy_database@_dummy_table
#### A masked pattern was here ####
PREHOOK: Output: database:default
PREHOOK: Output: default@foo0
#### A masked pattern was here ####
POSTHOOK: type: CREATETABLE_AS_SELECT
POSTHOOK: Input: _dummy_database@_dummy_table
#### A masked pattern was here ####
POSTHOOK: Output: database:default
POSTHOOK: Output: default@foo0
#### A masked pattern was here ####
